a         :  6
afternoon :  1
and       :  5
anyway    :  1
are       :  1
at        :  1
away      :  2
bottom    :  1
bunch     :  1
by        :  1
crow      :  4
drank     :  1
dropped   :  1
flew      :  1
for       :  1
found     :  1
fox       :  4
from      :  1
grapes    :  4
hanging   :  1
he        :  1
hot       :  1
into      :  1
jumped    :  1
little    :  1
look      :  1
muttered  :  1
of        :  1
once      :  1
one       :  3
pebbles   :  1
pitcher   :  3
probably  :  1
ripe      :  1
rose      :  1
said      :  1
saw       :  1
sour      :  1
stayed    :  1
sweet     :  1
the       : 12
them      :  1
then      :  1
they      :  2
thirsty   :  1
those     :  1
times     :  1
twice     :  1
until     :  1
vine      :  1
walked    :  1
water     :  2
were      :  1
where     :  1
with      :  1
